================================================================================
Data Challenge 704 - Model Training
================================================================================
Machine: ensta-l40s02
Started: jeu. 11 juin 2026 22:19:23 CEST
Job ID: 18140
Job name: datachallenge704-dinov3-l40s
================================================================================
Project Dir: /home/telecom-paris/tp-hamon-25/datachallenge704
Python version:
Python 3.12.3
CUDA available from PyTorch:
True
NVIDIA L40S
================================================================================
================================================================================
Starting training
================================================================================
Arguments:
  epochs: 24
  batch_size: 24
  lr: 3e-05
  weight_decay: 5e-05
  num_workers: 8
  experiment_name: mesogip_l40s_vitb16_u4_lr3e5_gap005_seed2026_e24
  tracking_uri: None
  log_model: False
  seed: 2026
  tta: True
  scheduler: cosine
  min_lr: 1e-07
  val_every: 1
  model: dinov3-vitb16
  freeze_backbone: True
  unfreeze_last_n_blocks: 4
  use_gender_gap_loss: True
  lambda_gap: 0.05
Device utilisé : cuda
Nom du GPU : NVIDIA L40S
ModuleList candidates:
  layer: length=12
Using blocks from: layer
Unfreezing last 4 blocks over 12 blocks
Total parameters: 85,874,305
Trainable parameters: 28,594,561
Epoch 1/24 - mean loss: 0.0077
New best checkpoint saved at epoch 1: /home/telecom-paris/tp-hamon-25/datachallenge704/checkpoints/dinov3-vitb16/dinov3-vitb16_job18140_seed2026_mesogip_l40s_vitb16_u4_lr3e5_gap005_seed2026_e24_best.pt (balanced metric: 0.002147)
Epoch 1/24 - val balanced metric: 0.002147
Epoch 2/24 - mean loss: 0.0022
Epoch 2/24 - val balanced metric: 0.002928
Epoch 3/24 - mean loss: 0.0018
New best checkpoint saved at epoch 3: /home/telecom-paris/tp-hamon-25/datachallenge704/checkpoints/dinov3-vitb16/dinov3-vitb16_job18140_seed2026_mesogip_l40s_vitb16_u4_lr3e5_gap005_seed2026_e24_best.pt (balanced metric: 0.002002)
Epoch 3/24 - val balanced metric: 0.002002
Epoch 4/24 - mean loss: 0.0015
New best checkpoint saved at epoch 4: /home/telecom-paris/tp-hamon-25/datachallenge704/checkpoints/dinov3-vitb16/dinov3-vitb16_job18140_seed2026_mesogip_l40s_vitb16_u4_lr3e5_gap005_seed2026_e24_best.pt (balanced metric: 0.001858)
Epoch 4/24 - val balanced metric: 0.001858
Epoch 5/24 - mean loss: 0.0013
Epoch 5/24 - val balanced metric: 0.002003
Epoch 6/24 - mean loss: 0.0012
Epoch 6/24 - val balanced metric: 0.001924
Epoch 7/24 - mean loss: 0.0011
New best checkpoint saved at epoch 7: /home/telecom-paris/tp-hamon-25/datachallenge704/checkpoints/dinov3-vitb16/dinov3-vitb16_job18140_seed2026_mesogip_l40s_vitb16_u4_lr3e5_gap005_seed2026_e24_best.pt (balanced metric: 0.001716)
Epoch 7/24 - val balanced metric: 0.001716
Epoch 8/24 - mean loss: 0.0010
Epoch 8/24 - val balanced metric: 0.001787
Epoch 9/24 - mean loss: 0.0009
Epoch 9/24 - val balanced metric: 0.001739
