================================================================================
Data Challenge 704 - Model Training
================================================================================
Machine: ensta-h10001.r2.enst.fr
Started: jeu. 11 juin 2026 19:31:07 CEST
Job ID: 18121
Job name: datachallenge704-dinov3
================================================================================
Project Dir: /home/telecom-paris/tp-hamon-25/datachallenge704
Python version:
Python 3.12.3
CUDA available from PyTorch:
True
NVIDIA H100 NVL
================================================================================
================================================================================
Starting training
================================================================================
Arguments:
  epochs: 20
  batch_size: 32
  lr: 3e-05
  weight_decay: 5e-05
  num_workers: 8
  experiment_name: mesogip_h100_vitb16_u4_lr3e5_gap005_seed123_e20
  tracking_uri: None
  log_model: False
  seed: 123
  tta: True
  scheduler: cosine
  min_lr: 1e-07
  val_every: 1
  model: dinov3-vitb16
  freeze_backbone: True
  unfreeze_last_n_blocks: 4
  use_gender_gap_loss: True
  lambda_gap: 0.05
Device utilisé : cuda
Nom du GPU : NVIDIA H100 NVL
ModuleList candidates:
  layer: length=12
Using blocks from: layer
Unfreezing last 4 blocks over 12 blocks
Total parameters: 85,874,305
Trainable parameters: 28,594,561
Epoch 1/20 - mean loss: 0.0081
New best checkpoint saved at epoch 1: /home/telecom-paris/tp-hamon-25/datachallenge704/checkpoints/dinov3-vitb16/dinov3-vitb16_job18121_seed123_mesogip_h100_vitb16_u4_lr3e5_gap005_seed123_e20_best.pt (balanced metric: 0.001873)
Epoch 1/20 - val balanced metric: 0.001873
Epoch 2/20 - mean loss: 0.0021
New best checkpoint saved at epoch 2: /home/telecom-paris/tp-hamon-25/datachallenge704/checkpoints/dinov3-vitb16/dinov3-vitb16_job18121_seed123_mesogip_h100_vitb16_u4_lr3e5_gap005_seed123_e20_best.pt (balanced metric: 0.001583)
Epoch 2/20 - val balanced metric: 0.001583
Epoch 3/20 - mean loss: 0.0017
Epoch 3/20 - val balanced metric: 0.001585
Epoch 4/20 - mean loss: 0.0014
New best checkpoint saved at epoch 4: /home/telecom-paris/tp-hamon-25/datachallenge704/checkpoints/dinov3-vitb16/dinov3-vitb16_job18121_seed123_mesogip_h100_vitb16_u4_lr3e5_gap005_seed123_e20_best.pt (balanced metric: 0.001436)
Epoch 4/20 - val balanced metric: 0.001436
Epoch 5/20 - mean loss: 0.0013
New best checkpoint saved at epoch 5: /home/telecom-paris/tp-hamon-25/datachallenge704/checkpoints/dinov3-vitb16/dinov3-vitb16_job18121_seed123_mesogip_h100_vitb16_u4_lr3e5_gap005_seed123_e20_best.pt (balanced metric: 0.001291)
Epoch 5/20 - val balanced metric: 0.001291
Epoch 6/20 - mean loss: 0.0011
Epoch 6/20 - val balanced metric: 0.001351
Epoch 7/20 - mean loss: 0.0010
New best checkpoint saved at epoch 7: /home/telecom-paris/tp-hamon-25/datachallenge704/checkpoints/dinov3-vitb16/dinov3-vitb16_job18121_seed123_mesogip_h100_vitb16_u4_lr3e5_gap005_seed123_e20_best.pt (balanced metric: 0.001221)
Epoch 7/20 - val balanced metric: 0.001221
Epoch 8/20 - mean loss: 0.0009
Epoch 8/20 - val balanced metric: 0.001331
Epoch 9/20 - mean loss: 0.0008
Epoch 9/20 - val balanced metric: 0.001293
Epoch 10/20 - mean loss: 0.0007
Epoch 10/20 - val balanced metric: 0.001352
Epoch 11/20 - mean loss: 0.0007
Epoch 11/20 - val balanced metric: 0.001301
Epoch 12/20 - mean loss: 0.0006
Epoch 12/20 - val balanced metric: 0.001323
Epoch 13/20 - mean loss: 0.0006
Epoch 13/20 - val balanced metric: 0.001264
Epoch 14/20 - mean loss: 0.0006
New best checkpoint saved at epoch 14: /home/telecom-paris/tp-hamon-25/datachallenge704/checkpoints/dinov3-vitb16/dinov3-vitb16_job18121_seed123_mesogip_h100_vitb16_u4_lr3e5_gap005_seed123_e20_best.pt (balanced metric: 0.001216)
Epoch 14/20 - val balanced metric: 0.001216
Epoch 15/20 - mean loss: 0.0005
Epoch 15/20 - val balanced metric: 0.001257
Epoch 16/20 - mean loss: 0.0005
Epoch 16/20 - val balanced metric: 0.001271
Epoch 17/20 - mean loss: 0.0005
Epoch 17/20 - val balanced metric: 0.001257
Epoch 18/20 - mean loss: 0.0005
Epoch 18/20 - val balanced metric: 0.001232
Epoch 19/20 - mean loss: 0.0005
Epoch 19/20 - val balanced metric: 0.001272
Epoch 20/20 - mean loss: 0.0005
Epoch 20/20 - val balanced metric: 0.001226
Loading best checkpoint from epoch 14: /home/telecom-paris/tp-hamon-25/datachallenge704/checkpoints/dinov3-vitb16/dinov3-vitb16_job18121_seed123_mesogip_h100_vitb16_u4_lr3e5_gap005_seed123_e20_best.pt
Submission saved to: /home/telecom-paris/tp-hamon-25/datachallenge704/submissions/dinov3-vitb16_job18121_seed123_mesogip_h100_vitb16_u4_lr3e5_gap005_seed123_e20.csv
Checkpoint saved to: /home/telecom-paris/tp-hamon-25/datachallenge704/checkpoints/dinov3-vitb16/dinov3-vitb16_job18121_seed123_mesogip_h100_vitb16_u4_lr3e5_gap005_seed123_e20.pt
Run log saved to: /home/telecom-paris/tp-hamon-25/datachallenge704/logs/dinov3-vitb16/dinov3-vitb16_job18121_seed123_mesogip_h100_vitb16_u4_lr3e5_gap005_seed123_e20.md
Best epoch: 14
Validation balanced metric: 0.001193
================================================================================
Training complete - Finished: jeu. 11 juin 2026 21:17:07 CEST
================================================================================
